[]: -7.6875, -6.5
[29896]: 0.97265625, -0.2490234375
[29896, 29900]: 1.375, -0.5625
[29896, 29900, 29896]: -0.859375, -1.546875
[29896, 29900, 29896, 29900]: 4.03125, 4.40625
[29896, 29900, 29896, 29900, 29896]: 7.625, 6.34375
[]: -7.6875, -6.5
[29896]: 0.97265625, -0.2490234375
[29896, 29900]: 1.375, -0.5625
[29896, 29900, 29900]: 0.33984375, -1.4140625
[29896, 29900, 29900, 29900]: 0.87890625, -1.140625
[29896, 29900, 29900, 29900, 29900]: 1.9765625, -0.1953125
[]: -7.6875, -6.5
[29896]: 0.97265625, -0.2490234375
[29896, 29900]: 1.375, -0.5625
[29896, 29900, 29896]: -0.859375, -1.546875
[29896, 29900, 29896, 29896]: 1.5703125, 1.984375
[29896, 29900, 29896, 29896, 29900]: 5.1875, 6.25
[]: -7.6875, -6.5
[29896]: 0.97265625, -0.2490234375
[29896, 29896]: -0.146484375, -0.357421875
[29896, 29896, 29900]: -0.84765625, -1.2734375
[29896, 29896, 29900, 29900]: 0.326171875, -0.107421875
[29896, 29896, 29900, 29900, 29900]: 1.7578125, 0.8984375
[]: -7.6875, -6.5
[29900]: 0.71484375, -0.283203125
[29900, 29900]: 2.09375, 0.333984375
[29900, 29900, 29900]: 2.828125, 1.578125
[29900, 29900, 29900, 29900]: 6.9375, 4.71875
[29900, 29900, 29900, 29900, 29900]: 7.5, 5.625
[]: -7.6875, -6.5
[29896]: 0.97265625, -0.2490234375
[29896, 29896]: -0.146484375, -0.357421875
[29896, 29896, 29896]: -1.109375, 0.90234375
[29896, 29896, 29896, 29896]: 4.40625, 5.65625
[29896, 29896, 29896, 29896, 29896]: 5.15625, 7.46875
[]: -7.6875, -6.5
[29896]: 0.97265625, -0.2490234375
[29896, 29900]: 1.375, -0.5625
[29896, 29900, 29900]: 0.33984375, -1.4140625
[29896, 29900, 29900, 29900]: 0.87890625, -1.140625
[29896, 29900, 29900, 29900, 29900]: 1.9765625, -0.1953125
[]: -7.6875, -6.5
[29896]: 0.97265625, -0.2490234375
[29896, 29896]: -0.146484375, -0.357421875
[29896, 29896, 29896]: -1.109375, 0.90234375
[29896, 29896, 29896, 29896]: 4.40625, 5.65625
[29896, 29896, 29896, 29896, 29896]: 5.15625, 7.46875
[]: -7.6875, -6.5
[29896]: 0.97265625, -0.2490234375
[29896, 29900]: 1.375, -0.5625
[29896, 29900, 29896]: -0.859375, -1.546875
[29896, 29900, 29896, 29900]: 4.03125, 4.40625
[29896, 29900, 29896, 29900, 29896]: 7.625, 6.34375
[]: -7.6875, -6.5
[29896]: 0.97265625, -0.2490234375
[29896, 29900]: 1.375, -0.5625
[29896, 29900, 29900]: 0.33984375, -1.4140625
[29896, 29900, 29900, 29896]: -1.015625, -2.125
[29896, 29900, 29900, 29896, 29896]: 4.0625, 3.578125
[]: -7.6875, -6.5
[29896]: 0.97265625, -0.2490234375
[29896, 29900]: 1.375, -0.5625
[29896, 29900, 29900]: 0.33984375, -1.4140625
[29896, 29900, 29900, 29900]: 0.87890625, -1.140625
[29896, 29900, 29900, 29900, 29896]: 3.765625, 2.890625
[]: -7.6875, -6.5
[29900]: 0.71484375, -0.283203125
[29900, 29900]: 2.09375, 0.333984375
[29900, 29900, 29900]: 2.828125, 1.578125
[29900, 29900, 29900, 29900]: 6.9375, 4.71875
[29900, 29900, 29900, 29900, 29900]: 7.5, 5.625
[]: -7.6875, -6.5
[29896]: 0.97265625, -0.2490234375
[29896, 29896]: -0.146484375, -0.357421875
[29896, 29896, 29900]: -0.84765625, -1.2734375
[29896, 29896, 29900, 29900]: 0.326171875, -0.107421875
[29896, 29896, 29900, 29900, 29900]: 1.7578125, 0.8984375
[]: -7.6875, -6.5
[29896]: 0.97265625, -0.2490234375
[29896, 29900]: 1.375, -0.5625
[29896, 29900, 29900]: 0.33984375, -1.4140625
[29896, 29900, 29900, 29900]: 0.87890625, -1.140625
[29896, 29900, 29900, 29900, 29896]: 3.765625, 2.890625
[]: -7.6875, -6.5
[29896]: 0.97265625, -0.2490234375
[29896, 29896]: -0.146484375, -0.357421875
[29896, 29896, 29900]: -0.84765625, -1.2734375
[29896, 29896, 29900, 29900]: 0.326171875, -0.107421875
[29896, 29896, 29900, 29900, 29900]: 1.7578125, 0.8984375
[]: -7.6875, -6.5
[29900]: 0.71484375, -0.283203125
[29900, 29900]: 2.09375, 0.333984375
[29900, 29900, 29900]: 2.828125, 1.578125
[29900, 29900, 29900, 29900]: 6.9375, 4.71875
[29900, 29900, 29900, 29900, 29900]: 7.5, 5.625
[]: -7.6875, -6.5
[29896]: 0.97265625, -0.2490234375
[29896, 29900]: 1.375, -0.5625
[29896, 29900, 29896]: -0.859375, -1.546875
[29896, 29900, 29896, 29900]: 4.03125, 4.40625
[29896, 29900, 29896, 29900, 29896]: 7.625, 6.34375
[]: -7.6875, -6.5
[29896]: 0.97265625, -0.2490234375
[29896, 29896]: -0.146484375, -0.357421875
[29896, 29896, 29900]: -0.84765625, -1.2734375
[29896, 29896, 29900, 29896]: 3.203125, 3.53125
[29896, 29896, 29900, 29896, 29900]: 6.84375, 6.90625
[]: -7.6875, -6.5
[29896]: 0.97265625, -0.2490234375
[29896, 29896]: -0.146484375, -0.357421875
[29896, 29896, 29896]: -1.109375, 0.90234375
[29896, 29896, 29896, 29896]: 4.40625, 5.65625
[29896, 29896, 29896, 29896, 29900]: 7.40625, 6.875
[]: -7.6875, -6.5
[29896]: 0.97265625, -0.2490234375
[29896, 29896]: -0.146484375, -0.357421875
[29896, 29896, 29896]: -1.109375, 0.90234375
[29896, 29896, 29896, 29896]: 4.40625, 5.65625
[29896, 29896, 29896, 29896, 29900]: 7.40625, 6.875
[]: -7.6875, -6.5
[29896]: 0.97265625, -0.2490234375
[29896, 29900]: 1.375, -0.5625
[29896, 29900, 29900]: 0.33984375, -1.4140625
[29896, 29900, 29900, 29896]: -1.015625, -2.125
[29896, 29900, 29900, 29896, 29900]: 6.09375, 5.3125
[]: -7.6875, -6.5
[29900]: 0.71484375, -0.283203125
[29900, 29900]: 2.09375, 0.333984375
[29900, 29900, 29900]: 2.828125, 1.578125
[29900, 29900, 29900, 29900]: 6.9375, 4.71875
[29900, 29900, 29900, 29900, 29900]: 7.5, 5.625
[]: -7.6875, -6.5
[29896]: 0.97265625, -0.2490234375
[29896, 29900]: 1.375, -0.5625
[29896, 29900, 29900]: 0.33984375, -1.4140625
[29896, 29900, 29900, 29900]: 0.87890625, -1.140625
[29896, 29900, 29900, 29900, 29896]: 3.765625, 2.890625
[]: -7.6875, -6.5
[29896]: 0.97265625, -0.2490234375
[29896, 29900]: 1.375, -0.5625
[29896, 29900, 29900]: 0.33984375, -1.4140625
[29896, 29900, 29900, 29900]: 0.87890625, -1.140625
[29896, 29900, 29900, 29900, 29900]: 1.9765625, -0.1953125
[]: -7.6875, -6.5
[29896]: 0.97265625, -0.2490234375
[29896, 29896]: -0.146484375, -0.357421875
[29896, 29896, 29896]: -1.109375, 0.90234375
[29896, 29896, 29896, 29896]: 4.40625, 5.65625
[29896, 29896, 29896, 29896, 29896]: 5.15625, 7.46875
[]: -7.6875, -6.5
[29896]: 0.97265625, -0.2490234375
[29896, 29900]: 1.375, -0.5625
[29896, 29900, 29900]: 0.33984375, -1.4140625
[29896, 29900, 29900, 29896]: -1.015625, -2.125
[29896, 29900, 29900, 29896, 29896]: 4.0625, 3.578125
[]: -7.6875, -6.5
[29896]: 0.97265625, -0.2490234375
[29896, 29900]: 1.375, -0.5625
[29896, 29900, 29900]: 0.33984375, -1.4140625
[29896, 29900, 29900, 29900]: 0.87890625, -1.140625
[29896, 29900, 29900, 29900, 29900]: 1.9765625, -0.1953125
[]: -7.6875, -6.5
[29896]: 0.97265625, -0.2490234375
[29896, 29900]: 1.375, -0.5625
[29896, 29900, 29900]: 0.33984375, -1.4140625
[29896, 29900, 29900, 29900]: 0.87890625, -1.140625
[29896, 29900, 29900, 29900, 29900]: 1.9765625, -0.1953125
[]: -7.6875, -6.5
[29900]: 0.71484375, -0.283203125
[29900, 29900]: 2.09375, 0.333984375
[29900, 29900, 29900]: 2.828125, 1.578125
[29900, 29900, 29900, 29900]: 6.9375, 4.71875
[29900, 29900, 29900, 29900, 29900]: 7.5, 5.625
[]: -7.6875, -6.5
[29896]: 0.97265625, -0.2490234375
[29896, 29896]: -0.146484375, -0.357421875
[29896, 29896, 29900]: -0.84765625, -1.2734375
[29896, 29896, 29900, 29896]: 3.203125, 3.53125
[29896, 29896, 29900, 29896, 29900]: 6.84375, 6.90625
[]: -7.6875, -6.5
[29896]: 0.97265625, -0.2490234375
[29896, 29900]: 1.375, -0.5625
[29896, 29900, 29900]: 0.33984375, -1.4140625
[29896, 29900, 29900, 29900]: 0.87890625, -1.140625
[29896, 29900, 29900, 29900, 29900]: 1.9765625, -0.1953125
[]: -7.6875, -6.5
[29896]: 0.97265625, -0.2490234375
[29896, 29900]: 1.375, -0.5625
[29896, 29900, 29896]: -0.859375, -1.546875
[29896, 29900, 29896, 29900]: 4.03125, 4.40625
[29896, 29900, 29896, 29900, 29896]: 7.625, 6.34375
[]: -7.6875, -6.5
[29900]: 0.71484375, -0.283203125
[29900, 29900]: 2.09375, 0.333984375
[29900, 29900, 29900]: 2.828125, 1.578125
[29900, 29900, 29900, 29900]: 6.9375, 4.71875
[29900, 29900, 29900, 29900, 29900]: 7.5, 5.625
[]: -7.6875, -6.5
[29896]: 0.97265625, -0.2490234375
[29896, 29900]: 1.375, -0.5625
[29896, 29900, 29896]: -0.859375, -1.546875
[29896, 29900, 29896, 29896]: 1.5703125, 1.984375
[29896, 29900, 29896, 29896, 29896]: 5.15625, 5.5
[]: -7.6875, -6.5
[29896]: 0.97265625, -0.2490234375
[29896, 29900]: 1.375, -0.5625
[29896, 29900, 29900]: 0.33984375, -1.4140625
[29896, 29900, 29900, 29900]: 0.87890625, -1.140625
[29896, 29900, 29900, 29900, 29900]: 1.9765625, -0.1953125
[]: -7.6875, -6.5
[29900]: 0.71484375, -0.283203125
[29900, 29900]: 2.09375, 0.333984375
[29900, 29900, 29900]: 2.828125, 1.578125
[29900, 29900, 29900, 29900]: 6.9375, 4.71875
[29900, 29900, 29900, 29900, 29900]: 7.5, 5.625
[]: -7.6875, -6.5
[29896]: 0.97265625, -0.2490234375
[29896, 29896]: -0.146484375, -0.357421875
[29896, 29896, 29896]: -1.109375, 0.90234375
[29896, 29896, 29896, 29896]: 4.40625, 5.65625
[29896, 29896, 29896, 29896, 29896]: 5.15625, 7.46875
[]: -7.6875, -6.5
[29896]: 0.97265625, -0.2490234375
[29896, 29900]: 1.375, -0.5625
[29896, 29900, 29900]: 0.33984375, -1.4140625
[29896, 29900, 29900, 29896]: -1.015625, -2.125
[29896, 29900, 29900, 29896, 29900]: 6.09375, 5.3125
[]: -7.6875, -6.5
[29900]: 0.71484375, -0.283203125
[29900, 29900]: 2.09375, 0.333984375
[29900, 29900, 29900]: 2.828125, 1.578125
[29900, 29900, 29900, 29900]: 6.9375, 4.71875
[29900, 29900, 29900, 29900, 29900]: 7.5, 5.625
[]: -7.6875, -6.5
[29900]: 0.71484375, -0.283203125
[29900, 29900]: 2.09375, 0.333984375
[29900, 29900, 29900]: 2.828125, 1.578125
[29900, 29900, 29900, 29900]: 6.9375, 4.71875
[29900, 29900, 29900, 29900, 29900]: 7.5, 5.625
[]: -7.6875, -6.5
[29900]: 0.71484375, -0.283203125
[29900, 29900]: 2.09375, 0.333984375
[29900, 29900, 29900]: 2.828125, 1.578125
[29900, 29900, 29900, 29900]: 6.9375, 4.71875
[29900, 29900, 29900, 29900, 29900]: 7.5, 5.625
[]: -7.6875, -6.5
[29900]: 0.71484375, -0.283203125
[29900, 29900]: 2.09375, 0.333984375
[29900, 29900, 29900]: 2.828125, 1.578125
[29900, 29900, 29900, 29900]: 6.9375, 4.71875
[29900, 29900, 29900, 29900, 29900]: 7.5, 5.625
[]: -7.6875, -6.5
[29896]: 0.97265625, -0.2490234375
[29896, 29896]: -0.146484375, -0.357421875
[29896, 29896, 29900]: -0.84765625, -1.2734375
[29896, 29896, 29900, 29900]: 0.326171875, -0.107421875
[29896, 29896, 29900, 29900, 29900]: 1.7578125, 0.8984375
[]: -7.6875, -6.5
[29896]: 0.97265625, -0.2490234375
[29896, 29896]: -0.146484375, -0.357421875
[29896, 29896, 29900]: -0.84765625, -1.2734375
[29896, 29896, 29900, 29896]: 3.203125, 3.53125
[29896, 29896, 29900, 29896, 29896]: 7.0, 6.6875
[]: -7.6875, -6.5
[29896]: 0.97265625, -0.2490234375
[29896, 29896]: -0.146484375, -0.357421875
[29896, 29896, 29900]: -0.84765625, -1.2734375
[29896, 29896, 29900, 29896]: 3.203125, 3.53125
[29896, 29896, 29900, 29896, 29900]: 6.84375, 6.90625
[]: -7.6875, -6.5
[29896]: 0.97265625, -0.2490234375
[29896, 29896]: -0.146484375, -0.357421875
[29896, 29896, 29900]: -0.84765625, -1.2734375
[29896, 29896, 29900, 29896]: 3.203125, 3.53125
[29896, 29896, 29900, 29896, 29900]: 6.84375, 6.90625
[]: -7.6875, -6.5
[29900]: 0.71484375, -0.283203125
[29900, 29900]: 2.09375, 0.333984375
[29900, 29900, 29900]: 2.828125, 1.578125
[29900, 29900, 29900, 29900]: 6.9375, 4.71875
[29900, 29900, 29900, 29900, 29900]: 7.5, 5.625
[]: -7.6875, -6.5
[29896]: 0.97265625, -0.2490234375
[29896, 29896]: -0.146484375, -0.357421875
[29896, 29896, 29896]: -1.109375, 0.90234375
[29896, 29896, 29896, 29896]: 4.40625, 5.65625
[29896, 29896, 29896, 29896, 29896]: 5.15625, 7.46875
[]: -7.6875, -6.5
[29896]: 0.97265625, -0.2490234375
[29896, 29896]: -0.146484375, -0.357421875
[29896, 29896, 29900]: -0.84765625, -1.2734375
[29896, 29896, 29900, 29896]: 3.203125, 3.53125
[29896, 29896, 29900, 29896, 29896]: 7.0, 6.6875
[]: -7.6875, -6.5
[29896]: 0.97265625, -0.2490234375
[29896, 29900]: 1.375, -0.5625
[29896, 29900, 29900]: 0.33984375, -1.4140625
[29896, 29900, 29900, 29900]: 0.87890625, -1.140625
[29896, 29900, 29900, 29900, 29900]: 1.9765625, -0.1953125
[]: -7.6875, -6.5
[29896]: 0.97265625, -0.2490234375
[29896, 29900]: 1.375, -0.5625
[29896, 29900, 29900]: 0.33984375, -1.4140625
[29896, 29900, 29900, 29900]: 0.87890625, -1.140625
[29896, 29900, 29900, 29900, 29900]: 1.9765625, -0.1953125
[]: -7.6875, -6.5
[29896]: 0.97265625, -0.2490234375
[29896, 29896]: -0.146484375, -0.357421875
[29896, 29896, 29896]: -1.109375, 0.90234375
[29896, 29896, 29896, 29900]: 1.7890625, 2.03125
[29896, 29896, 29896, 29900, 29900]: 4.0, 3.515625
[]: -7.6875, -6.5
[29900]: 0.71484375, -0.283203125
[29900, 29900]: 2.09375, 0.333984375
[29900, 29900, 29900]: 2.828125, 1.578125
[29900, 29900, 29900, 29900]: 6.9375, 4.71875
[29900, 29900, 29900, 29900, 29900]: 7.5, 5.625
[]: -7.6875, -6.5
[29900]: 0.71484375, -0.283203125
[29900, 29900]: 2.09375, 0.333984375
[29900, 29900, 29900]: 2.828125, 1.578125
[29900, 29900, 29900, 29900]: 6.9375, 4.71875
[29900, 29900, 29900, 29900, 29900]: 7.5, 5.625
[]: -7.6875, -6.5
[29900]: 0.71484375, -0.283203125
[29900, 29900]: 2.09375, 0.333984375
[29900, 29900, 29900]: 2.828125, 1.578125
[29900, 29900, 29900, 29900]: 6.9375, 4.71875
[29900, 29900, 29900, 29900, 29900]: 7.5, 5.625
[]: -7.6875, -6.5
[29896]: 0.97265625, -0.2490234375
[29896, 29896]: -0.146484375, -0.357421875
[29896, 29896, 29896]: -1.109375, 0.90234375
[29896, 29896, 29896, 29900]: 1.7890625, 2.03125
[29896, 29896, 29896, 29900, 29900]: 4.0, 3.515625
[]: -7.6875, -6.5
[29896]: 0.97265625, -0.2490234375
[29896, 29900]: 1.375, -0.5625
[29896, 29900, 29900]: 0.33984375, -1.4140625
[29896, 29900, 29900, 29900]: 0.87890625, -1.140625
[29896, 29900, 29900, 29900, 29900]: 1.9765625, -0.1953125
[]: -7.6875, -6.5
[29896]: 0.97265625, -0.2490234375
[29896, 29896]: -0.146484375, -0.357421875
[29896, 29896, 29896]: -1.109375, 0.90234375
[29896, 29896, 29896, 29900]: 1.7890625, 2.03125
[29896, 29896, 29896, 29900, 29896]: 6.21875, 6.125
[]: -7.6875, -6.5
[29900]: 0.71484375, -0.283203125
[29900, 29900]: 2.09375, 0.333984375
[29900, 29900, 29900]: 2.828125, 1.578125
[29900, 29900, 29900, 29900]: 6.9375, 4.71875
[29900, 29900, 29900, 29900, 29900]: 7.5, 5.625
[]: -7.6875, -6.5
[29900]: 0.71484375, -0.283203125
[29900, 29900]: 2.09375, 0.333984375
[29900, 29900, 29900]: 2.828125, 1.578125
[29900, 29900, 29900, 29900]: 6.9375, 4.71875
[29900, 29900, 29900, 29900, 29900]: 7.5, 5.625
[]: -7.6875, -6.5
[29896]: 0.97265625, -0.2490234375
[29896, 29896]: -0.146484375, -0.357421875
[29896, 29896, 29900]: -0.84765625, -1.2734375
[29896, 29896, 29900, 29900]: 0.326171875, -0.107421875
[29896, 29896, 29900, 29900, 29900]: 1.7578125, 0.8984375
[]: -7.6875, -6.5
[29900]: 0.71484375, -0.283203125
[29900, 29900]: 2.09375, 0.333984375
[29900, 29900, 29900]: 2.828125, 1.578125
[29900, 29900, 29900, 29900]: 6.9375, 4.71875
[29900, 29900, 29900, 29900, 29900]: 7.5, 5.625
[]: -7.6875, -6.5
[29896]: 0.97265625, -0.2490234375
[29896, 29900]: 1.375, -0.5625
[29896, 29900, 29900]: 0.33984375, -1.4140625
[29896, 29900, 29900, 29900]: 0.87890625, -1.140625
[29896, 29900, 29900, 29900, 29900]: 1.9765625, -0.1953125
[]: -7.6875, -6.5
[29900]: 0.71484375, -0.283203125
[29900, 29900]: 2.09375, 0.333984375
[29900, 29900, 29900]: 2.828125, 1.578125
[29900, 29900, 29900, 29900]: 6.9375, 4.71875
[29900, 29900, 29900, 29900, 29900]: 7.5, 5.625
[]: -7.6875, -6.5
[29896]: 0.97265625, -0.2490234375
[29896, 29896]: -0.146484375, -0.357421875
[29896, 29896, 29900]: -0.84765625, -1.2734375
[29896, 29896, 29900, 29900]: 0.326171875, -0.107421875
[29896, 29896, 29900, 29900, 29896]: 5.46875, 5.34375
[]: -7.6875, -6.5
[29896]: 0.97265625, -0.2490234375
[29896, 29900]: 1.375, -0.5625
[29896, 29900, 29896]: -0.859375, -1.546875
[29896, 29900, 29896, 29900]: 4.03125, 4.40625
[29896, 29900, 29896, 29900, 29896]: 7.625, 6.34375
[]: -7.6875, -6.5
[29896]: 0.97265625, -0.2490234375
[29896, 29896]: -0.146484375, -0.357421875
[29896, 29896, 29896]: -1.109375, 0.90234375
[29896, 29896, 29896, 29896]: 4.40625, 5.65625
[29896, 29896, 29896, 29896, 29900]: 7.40625, 6.875
[]: -7.6875, -6.5
[29896]: 0.97265625, -0.2490234375
[29896, 29900]: 1.375, -0.5625
[29896, 29900, 29896]: -0.859375, -1.546875
[29896, 29900, 29896, 29896]: 1.5703125, 1.984375
[29896, 29900, 29896, 29896, 29896]: 5.15625, 5.5
[]: -7.6875, -6.5
[29900]: 0.71484375, -0.283203125
[29900, 29900]: 2.09375, 0.333984375
[29900, 29900, 29900]: 2.828125, 1.578125
[29900, 29900, 29900, 29900]: 6.9375, 4.71875
[29900, 29900, 29900, 29900, 29900]: 7.5, 5.625
[]: -7.6875, -6.5
[29896]: 0.97265625, -0.2490234375
[29896, 29896]: -0.146484375, -0.357421875
[29896, 29896, 29896]: -1.109375, 0.90234375
[29896, 29896, 29896, 29896]: 4.40625, 5.65625
[29896, 29896, 29896, 29896, 29896]: 5.15625, 7.46875
[]: -7.6875, -6.5
[29896]: 0.97265625, -0.2490234375
[29896, 29896]: -0.146484375, -0.357421875
[29896, 29896, 29896]: -1.109375, 0.90234375
[29896, 29896, 29896, 29896]: 4.40625, 5.65625
[29896, 29896, 29896, 29896, 29896]: 5.15625, 7.46875
[]: -7.6875, -6.5
[29896]: 0.97265625, -0.2490234375
[29896, 29900]: 1.375, -0.5625
[29896, 29900, 29896]: -0.859375, -1.546875
[29896, 29900, 29896, 29900]: 4.03125, 4.40625
[29896, 29900, 29896, 29900, 29896]: 7.625, 6.34375
[]: -7.6875, -6.5
[29896]: 0.97265625, -0.2490234375
[29896, 29900]: 1.375, -0.5625
[29896, 29900, 29900]: 0.33984375, -1.4140625
[29896, 29900, 29900, 29900]: 0.87890625, -1.140625
[29896, 29900, 29900, 29900, 29900]: 1.9765625, -0.1953125
[]: -7.6875, -6.5
[29896]: 0.97265625, -0.2490234375
[29896, 29900]: 1.375, -0.5625
[29896, 29900, 29896]: -0.859375, -1.546875
[29896, 29900, 29896, 29896]: 1.5703125, 1.984375
[29896, 29900, 29896, 29896, 29900]: 5.1875, 6.25
[]: -7.6875, -6.5
[29896]: 0.97265625, -0.2490234375
[29896, 29896]: -0.146484375, -0.357421875
[29896, 29896, 29896]: -1.109375, 0.90234375
[29896, 29896, 29896, 29896]: 4.40625, 5.65625
[29896, 29896, 29896, 29896, 29896]: 5.15625, 7.46875
[]: -7.6875, -6.5
[29896]: 0.97265625, -0.2490234375
[29896, 29896]: -0.146484375, -0.357421875
[29896, 29896, 29896]: -1.109375, 0.90234375
[29896, 29896, 29896, 29900]: 1.7890625, 2.03125
[29896, 29896, 29896, 29900, 29896]: 6.21875, 6.125
[]: -7.6875, -6.5
[29896]: 0.97265625, -0.2490234375
[29896, 29900]: 1.375, -0.5625
[29896, 29900, 29900]: 0.33984375, -1.4140625
[29896, 29900, 29900, 29900]: 0.87890625, -1.140625
[29896, 29900, 29900, 29900, 29896]: 3.765625, 2.890625
[]: -7.6875, -6.5
[29896]: 0.97265625, -0.2490234375
[29896, 29896]: -0.146484375, -0.357421875
[29896, 29896, 29896]: -1.109375, 0.90234375
[29896, 29896, 29896, 29896]: 4.40625, 5.65625
[29896, 29896, 29896, 29896, 29896]: 5.15625, 7.46875
[]: -7.6875, -6.5
[29900]: 0.71484375, -0.283203125
[29900, 29900]: 2.09375, 0.333984375
[29900, 29900, 29900]: 2.828125, 1.578125
[29900, 29900, 29900, 29900]: 6.9375, 4.71875
[29900, 29900, 29900, 29900, 29900]: 7.5, 5.625
[]: -7.6875, -6.5
[29896]: 0.97265625, -0.2490234375
[29896, 29896]: -0.146484375, -0.357421875
[29896, 29896, 29896]: -1.109375, 0.90234375
[29896, 29896, 29896, 29900]: 1.7890625, 2.03125
[29896, 29896, 29896, 29900, 29896]: 6.21875, 6.125
[]: -7.6875, -6.5
[29896]: 0.97265625, -0.2490234375
[29896, 29896]: -0.146484375, -0.357421875
[29896, 29896, 29900]: -0.84765625, -1.2734375
[29896, 29896, 29900, 29896]: 3.203125, 3.53125
[29896, 29896, 29900, 29896, 29900]: 6.84375, 6.90625
[]: -7.6875, -6.5
[29900]: 0.71484375, -0.283203125
[29900, 29900]: 2.09375, 0.333984375
[29900, 29900, 29900]: 2.828125, 1.578125
[29900, 29900, 29900, 29900]: 6.9375, 4.71875
[29900, 29900, 29900, 29900, 29900]: 7.5, 5.625
[]: -7.6875, -6.5
[29900]: 0.71484375, -0.283203125
[29900, 29900]: 2.09375, 0.333984375
[29900, 29900, 29900]: 2.828125, 1.578125
[29900, 29900, 29900, 29900]: 6.9375, 4.71875
[29900, 29900, 29900, 29900, 29900]: 7.5, 5.625
[]: -7.6875, -6.5
[29896]: 0.97265625, -0.2490234375
[29896, 29900]: 1.375, -0.5625
[29896, 29900, 29896]: -0.859375, -1.546875
[29896, 29900, 29896, 29896]: 1.5703125, 1.984375
[29896, 29900, 29896, 29896, 29896]: 5.15625, 5.5
[]: -7.6875, -6.5
[29900]: 0.71484375, -0.283203125
[29900, 29900]: 2.09375, 0.333984375
[29900, 29900, 29900]: 2.828125, 1.578125
[29900, 29900, 29900, 29900]: 6.9375, 4.71875
[29900, 29900, 29900, 29900, 29900]: 7.5, 5.625
[]: -7.6875, -6.5
[29896]: 0.97265625, -0.2490234375
[29896, 29896]: -0.146484375, -0.357421875
[29896, 29896, 29896]: -1.109375, 0.90234375
[29896, 29896, 29896, 29896]: 4.40625, 5.65625
[29896, 29896, 29896, 29896, 29896]: 5.15625, 7.46875
[]: -7.6875, -6.5
[29896]: 0.97265625, -0.2490234375
[29896, 29896]: -0.146484375, -0.357421875
[29896, 29896, 29900]: -0.84765625, -1.2734375
[29896, 29896, 29900, 29900]: 0.326171875, -0.107421875
[29896, 29896, 29900, 29900, 29896]: 5.46875, 5.34375
[]: -7.6875, -6.5
[29896]: 0.97265625, -0.2490234375
[29896, 29896]: -0.146484375, -0.357421875
[29896, 29896, 29900]: -0.84765625, -1.2734375
[29896, 29896, 29900, 29900]: 0.326171875, -0.107421875
[29896, 29896, 29900, 29900, 29896]: 5.46875, 5.34375
[]: -7.6875, -6.5
[29896]: 0.97265625, -0.2490234375
[29896, 29900]: 1.375, -0.5625
[29896, 29900, 29900]: 0.33984375, -1.4140625
[29896, 29900, 29900, 29900]: 0.87890625, -1.140625
[29896, 29900, 29900, 29900, 29900]: 1.9765625, -0.1953125
[]: -7.6875, -6.5
[29896]: 0.97265625, -0.2490234375
[29896, 29896]: -0.146484375, -0.357421875
[29896, 29896, 29896]: -1.109375, 0.90234375
[29896, 29896, 29896, 29896]: 4.40625, 5.65625
[29896, 29896, 29896, 29896, 29896]: 5.15625, 7.46875
[]: -7.6875, -6.5
[29900]: 0.71484375, -0.283203125
[29900, 29900]: 2.09375, 0.333984375
[29900, 29900, 29900]: 2.828125, 1.578125
[29900, 29900, 29900, 29900]: 6.9375, 4.71875
[29900, 29900, 29900, 29900, 29900]: 7.5, 5.625
[]: -7.6875, -6.5
[29896]: 0.97265625, -0.2490234375
[29896, 29896]: -0.146484375, -0.357421875
[29896, 29896, 29896]: -1.109375, 0.90234375
[29896, 29896, 29896, 29896]: 4.40625, 5.65625
[29896, 29896, 29896, 29896, 29900]: 7.40625, 6.875
[]: -7.6875, -6.5
[29896]: 0.97265625, -0.2490234375
[29896, 29900]: 1.375, -0.5625
[29896, 29900, 29900]: 0.33984375, -1.4140625
[29896, 29900, 29900, 29900]: 0.87890625, -1.140625
[29896, 29900, 29900, 29900, 29896]: 3.765625, 2.890625
[]: -7.6875, -6.5
[29896]: 0.97265625, -0.2490234375
[29896, 29900]: 1.375, -0.5625
[29896, 29900, 29900]: 0.33984375, -1.4140625
[29896, 29900, 29900, 29900]: 0.87890625, -1.140625
[29896, 29900, 29900, 29900, 29896]: 3.765625, 2.890625
[]: -7.6875, -6.5
[29896]: 0.97265625, -0.2490234375
[29896, 29896]: -0.146484375, -0.357421875
[29896, 29896, 29896]: -1.109375, 0.90234375
[29896, 29896, 29896, 29896]: 4.40625, 5.65625
[29896, 29896, 29896, 29896, 29896]: 5.15625, 7.46875
[]: -7.6875, -6.5
[29896]: 0.97265625, -0.2490234375
[29896, 29900]: 1.375, -0.5625
[29896, 29900, 29896]: -0.859375, -1.546875
[29896, 29900, 29896, 29900]: 4.03125, 4.40625
[29896, 29900, 29896, 29900, 29896]: 7.625, 6.34375
[]: -7.6875, -6.5
[29900]: 0.71484375, -0.283203125
[29900, 29900]: 2.09375, 0.333984375
[29900, 29900, 29900]: 2.828125, 1.578125
[29900, 29900, 29900, 29900]: 6.9375, 4.71875
[29900, 29900, 29900, 29900, 29900]: 7.5, 5.625
[]: -7.6875, -6.5
[29896]: 0.97265625, -0.2490234375
[29896, 29896]: -0.146484375, -0.357421875
[29896, 29896, 29896]: -1.109375, 0.90234375
[29896, 29896, 29896, 29896]: 4.40625, 5.65625
[29896, 29896, 29896, 29896, 29896]: 5.15625, 7.46875
[]: -7.6875, -6.5
[29896]: 0.97265625, -0.2490234375
[29896, 29900]: 1.375, -0.5625
[29896, 29900, 29900]: 0.33984375, -1.4140625
[29896, 29900, 29900, 29900]: 0.87890625, -1.140625
[29896, 29900, 29900, 29900, 29900]: 1.9765625, -0.1953125
[]: -7.6875, -6.5
[29900]: 0.71484375, -0.283203125
[29900, 29900]: 2.09375, 0.333984375
[29900, 29900, 29900]: 2.828125, 1.578125
[29900, 29900, 29900, 29900]: 6.9375, 4.71875
[29900, 29900, 29900, 29900, 29900]: 7.5, 5.625
